Logging initiated. Log file created at: results_CASIMODO_tutorial_RNA/casimodo_recluster_conformations_community_3.log
Start time: 2026-07-07 16:32:21
                                                 ,__     __,                       
                                                 |..|   |..|                       
                                                 ||||_|_||||                       
               _                     _           |::|:::|::|                       
  ___ __ _ ___(_)_ __ ___   ___   __| | ___      |,.|.-,|,.|                       
 / __/ _` / __| | '_ ` _ \ / _ \ / _` |/ _ \     |nn|`-'|nn|                       
| (_| (_| \__ \ | | | | | | (_) | (_| | (_) |    |||||||||||                       
 \___\__,_|___/_|_| |_| |_|\___/ \__,_|\___/     |_ |.-.| _|                       
                                                _|||||_|||||_                      
                                                                                   
Conformational Analysis via Shared Information by MOlecular Dynamics Observables
A program by Paul Guénon, Damien Laage and Olivier Rivoire                         




========= INPUT PARAMETERS =========
step_to_perform: get_conformations
output_dir: results_CASIMODO_tutorial_RNA/
topolfile: input_data/topol_RNA.gro
trajfile: input_data/traj_RNA.xtc
dic: dic_for_tutorial_RNA.txt
position_CASIMODO: ../CASIMODO_utils/
time_zero: 100000.0
last_time: -1.0
delta_time: 0.0
method_clustering_local_variables: hdbscan
parameters_clustering_local_variables: [15.0, 15.0, 0.5]
method_clustering_conformations: k-means
parameters_clustering_conformations: [2.0]
community_to_process: 3
split_trajectory: False
extension_plots: png
resolution_plots: 200
save_data: False
save_all_plots: False
local_variables_to_add: []
type_local_variables_to_add: []
residues_local_variables_to_add: []
cutoff_distance: 5
proba_under_cutoff_distance: 0.01
proportion_per_bin: 0.02
min_bin_size_distances: 0.1
min_bin_size_angles: 1.0
smooth_factor: 10.0
prominence: 0.025
order_labels: weight
cutoff_npoints_discretization: 100000
minimal_size_to_cluster: 10
cutoff_n_configurations: 50000
cutoff_proba_conformations: 0.0
===================================

Extracting conformations for communities...
Found 5 communities based on clustering labels.
Extracting unique configurations for communities...
Total probability of unique configurations under cutoff_n_configurations in each cluster: [0. 0. 0. 1. 0.]
Computing distances between unique configurations in each community...
Skip cluster 0 as it is not the one to process.
Skip cluster 1 as it is not the one to process.
Skip cluster 2 as it is not the one to process.
Cluster 3: Found 1470 unique configurations.

Plotting clustering results...
Clustering results plotted and saved.
Skip cluster 4 as it is not the one to process.
Conformations for community 3: [0 1]        -1 indicates noise
Probabilities of conformations: ['0.274', '0.726']
Total probability: 1.000

Computing most probable configuration for each community...
Most probable configuration in community 3, conformation 0: [1 1 1 1 1 1 1 1 1 1 1 1 1 1 1 1 1 1 1 1 1 1 1 1 1 1 2 1 2 2 2 1 1 1 1 1 1
 1 1 2 1 1 2 1 1 2 1 1 1 1 1 1 1 1 1 1 1 1 1 1 1 1 1 1 1 2 2 1 1 2 1 1 1 1
 1 1 1 1 1 1 1 1 1 1 1 1 1 1 2 1 1 1 1 1 1 1 1 1 1 1 1 1 1 1 1 1 1 1 1 1 1
 1 1 1 1 1 1 1 2 1 1 1 1 1 1 1 1 1 1 1 1 1 1 1 1 1 1 1 1 1 2 1 1 2 2 1 3 1
 1 1 1 1 1 1 1 1 1 1 1 1 1 1 1 1 1 2 1 1 1 1 1 1 1 1 1 1 1 1 1 1 1 1 1 1 1
 1 1 1 1 1 1 1 1 1 1 1 1 1 1 1 1 1 1 1 1 2 1 1 1 1 1 1 1 1 1 1 1 1 1 1 1 1
 1] with probability 0.0029985007496251873
Most probable configuration in community 3, conformation 1: [0 0 0 0 0 0 0 0 0 0 0 0 0 0 0 0 0 0 0 0 0 0 0 0 0 0 0 0 0 0 0 0 0 0 0 0 0
 0 0 0 0 0 1 0 0 1 0 0 0 0 0 0 0 0 0 0 0 0 0 0 0 0 0 0 0 0 0 0 0 0 0 0 0 0
 0 0 0 0 0 0 0 0 0 0 0 0 0 0 0 0 0 0 0 0 0 0 0 0 0 0 0 0 0 0 0 0 0 0 0 0 0
 0 0 0 0 0 0 0 0 0 0 0 0 0 0 0 0 0 0 0 0 0 0 0 0 0 0 0 0 0 0 0 0 0 0 0 0 0
 0 0 0 0 0 0 0 0 0 0 0 0 0 0 0 0 0 0 0 0 0 0 0 0 0 0 0 0 0 0 0 0 0 0 0 0 0
 0 0 0 0 0 0 0 0 0 0 0 0 0 0 0 0 0 0 0 0 0 0 0 0 0 0 0 0 0 0 0 0 0 0 0 0 0
 0] with probability 0.05997001499250375

Writing conformations to file...
Conformations written to file.
Extracting frames for conformational states...
Processing conformations for community 3...
Frame extraction completed.



Analysis complete at 2026-07-07 16:32:23
Results are saved in: results_CASIMODO_tutorial_RNA/
Step performed: get_conformations
