Logging initiated. Log file created at: results_CASIMODO_tutorial_RNA/casimodo.log
Start time: 2026-08-25 17:36:54
                                                 ,__     __,                       
                                                 |..|   |..|                       
                                                 ||||_|_||||                       
               _                     _           |::|:::|::|                       
  ___ __ _ ___(_)_ __ ___   ___   __| | ___      |,.|.-,|,.|                       
 / __/ _` / __| | '_ ` _ \ / _ \ / _` |/ _ \     |nn|`-'|nn|                       
| (_| (_| \__ \ | | | | | | (_) | (_| | (_) |    |||||||||||                       
 \___\__,_|___/_|_| |_| |_|\___/ \__,_|\___/     |_ |.-.| _|                       
                                                _|||||_|||||_                      
                                                                                   
Conformational Analysis via Shared Information by MOlecular Dynamics Observables
A program by Paul Guénon, Damien Laage and Olivier Rivoire                         




========= INPUT PARAMETERS =========
step_to_perform: all
output_dir: results_CASIMODO_tutorial_RNA/
topolfile: input_data/topol_RNA.gro
trajfile: input_data/traj_RNA.xtc
dic: dic_for_tutorial_RNA.txt
position_CASIMODO: ../CASIMODO_utils/
time_zero: 100000.0
last_time: -1.0
delta_time: 0.0
method_clustering_local_variables: hdbscan
parameters_clustering_local_variables: [10.0, 15.0, 0.5]
method_clustering_conformations: ward
parameters_clustering_conformations: [5.0]
community_to_process: 4
split_trajectory: False
extension_plots: png
resolution_plots: 200
save_data: False
save_all_plots: False
local_variables_to_add: []
type_local_variables_to_add: []
residues_local_variables_to_add: []
cutoff_distance: 5
proba_under_cutoff_distance: 0.01
proportion_per_bin: 0.02
min_bin_size_distances: 0.1
min_bin_size_angles: 1.0
smooth_factor: 10.0
prominence: 0.025
order_labels: weight
cutoff_npoints_discretization: 100000
minimal_size_to_cluster: 10
cutoff_n_configurations: 50000
===================================

Filtering times and indices...
Trajectory time step: 50.0 ps
Progress: [----------------------------------------] 0%  2026-08-25 17:36:54
Progress: [##--------------------------------------] 5%  2026-08-25 17:36:54
Progress: [####------------------------------------] 10%  2026-08-25 17:36:54
Progress: [######----------------------------------] 15%  2026-08-25 17:36:54
Progress: [########--------------------------------] 20%  2026-08-25 17:36:54
Progress: [##########------------------------------] 25%  2026-08-25 17:36:54
Progress: [############----------------------------] 30%  2026-08-25 17:36:54
Progress: [##############--------------------------] 35%  2026-08-25 17:36:54
Progress: [################------------------------] 40%  2026-08-25 17:36:54
Progress: [##################----------------------] 45%  2026-08-25 17:36:54
Progress: [####################--------------------] 50%  2026-08-25 17:36:54
Progress: [######################------------------] 55%  2026-08-25 17:36:54
Progress: [########################----------------] 60%  2026-08-25 17:36:54
Progress: [##########################--------------] 65%  2026-08-25 17:36:54
Progress: [############################------------] 70%  2026-08-25 17:36:54
Progress: [##############################----------] 75%  2026-08-25 17:36:54
Progress: [################################--------] 80%  2026-08-25 17:36:54
Progress: [##################################------] 85%  2026-08-25 17:36:54
Progress: [####################################----] 90%  2026-08-25 17:36:54
Progress: [######################################--] 95%  2026-08-25 17:36:54
Progress: [########################################] 100%  2026-08-25 17:36:54
Times and indices filtered.
Filtered times (ps): [100000.0, 100050.0, 100100.0, 100150.0, 100200.0, 100250.0, 100300.0, 100350.0, 100400.0, 100450.0, '...', 199550.0, 199600.0, 199650.0, 199700.0, 199750.0, 199800.0, 199850.0, 199900.0, 199950.0, 200000.0]
Corresponding frame indices: [2000, 2001, 2002, 2003, 2004, 2005, 2006, 2007, 2008, 2009, '...', 3991, 3992, 3993, 3994, 3995, 3996, 3997, 3998, 3999, 4000]

Getting important atoms...
Skipping line: []
Residue K not found in dictionaries. Skipping it.
Residue CL not found in dictionaries. Skipping it.

Selected residues:
 RU5 - 1 
 RC - 2 
 RC - 3 
 RC - 4 
 RA - 5 
 RG - 6 
 RU - 7 
 RC - 8 
 RC - 9 
 RA - 10 
 RC - 11 
 RC - 12 
 RG3 - 13 
 RC5 - 14 
 RG - 15 
 RG - 16 
 RU - 17 
 RG - 18 
 RA - 19 
 RG - 20 
 RA - 21 
 RA - 22 
 RG - 23 
 RG - 24 
 RG3 - 25 
 RG5 - 26 
 RG - 27 
 RC - 28 
 RA - 29 
 RG - 30 
 RA - 31 
 RG - 32 
 RA - 33 
 RA - 34 
 RA - 35 
 RC - 36 
 RA - 37 
 RC - 38 
 RA - 39 
 RC - 40 
 RG - 41 
 RA3 - 42 
 RU5 - 43 
 RC - 44 
 RG - 45 
 RU - 46 
 RG - 47 
 RG - 48 
 RU - 49 
 RAP - 50 
 RC - 51 
 RA - 52 
 RU - 53 
 RU - 54 
 RA - 55 
 RC - 56 
 RC - 57 
 RU - 58 
 RG - 59 
 RC - 60 
 RC3 - 61 

Saving important atoms to file...
Important atoms saved to file.

Precomputing positions of important atoms...
Progress: [----------------------------------------] 0%  2026-08-25 17:36:54
Progress: [##--------------------------------------] 5%  2026-08-25 17:36:54
Progress: [####------------------------------------] 10%  2026-08-25 17:36:55
Progress: [######----------------------------------] 15%  2026-08-25 17:36:55
Progress: [########--------------------------------] 20%  2026-08-25 17:36:55
Progress: [##########------------------------------] 25%  2026-08-25 17:36:55
Progress: [############----------------------------] 30%  2026-08-25 17:36:55
Progress: [##############--------------------------] 35%  2026-08-25 17:36:55
Progress: [################------------------------] 40%  2026-08-25 17:36:55
Progress: [##################----------------------] 45%  2026-08-25 17:36:55
Progress: [####################--------------------] 50%  2026-08-25 17:36:55
Progress: [######################------------------] 56%  2026-08-25 17:36:55
Progress: [########################----------------] 61%  2026-08-25 17:36:55
Progress: [##########################--------------] 66%  2026-08-25 17:36:55
Progress: [############################------------] 71%  2026-08-25 17:36:56
Progress: [##############################----------] 76%  2026-08-25 17:36:56
Progress: [################################--------] 81%  2026-08-25 17:36:56
Progress: [##################################------] 86%  2026-08-25 17:36:56
Progress: [####################################----] 91%  2026-08-25 17:36:56
Progress: [######################################--] 96%  2026-08-25 17:36:56
Progress: [########################################] 100%  2026-08-25 17:36:56
Positions of important atoms precomputed.

Precomputing positions of nucleic acids backbone atoms...
Progress: [----------------------------------------] 0%  2026-08-25 17:36:56
Progress: [##--------------------------------------] 5%  2026-08-25 17:36:56
Progress: [####------------------------------------] 10%  2026-08-25 17:36:57
Progress: [######----------------------------------] 15%  2026-08-25 17:36:57
Progress: [########--------------------------------] 20%  2026-08-25 17:36:57
Progress: [##########------------------------------] 25%  2026-08-25 17:36:57
Progress: [############----------------------------] 30%  2026-08-25 17:36:57
Progress: [##############--------------------------] 35%  2026-08-25 17:36:57
Progress: [################------------------------] 40%  2026-08-25 17:36:58
Progress: [##################----------------------] 45%  2026-08-25 17:36:58
Progress: [####################--------------------] 50%  2026-08-25 17:36:58
Progress: [######################------------------] 56%  2026-08-25 17:36:58
Progress: [########################----------------] 61%  2026-08-25 17:36:58
Progress: [##########################--------------] 66%  2026-08-25 17:36:59
Progress: [############################------------] 71%  2026-08-25 17:36:59
Progress: [##############################----------] 76%  2026-08-25 17:36:59
Progress: [################################--------] 81%  2026-08-25 17:36:59
Progress: [##################################------] 86%  2026-08-25 17:36:59
Progress: [####################################----] 91%  2026-08-25 17:36:59
Progress: [######################################--] 96%  2026-08-25 17:37:00
Progress: [########################################] 100%  2026-08-25 17:37:00
Positions of nucleic acids backbone atoms precomputed.

Computing distances...
Progress: [----------------------------------------] 0%  2026-08-25 17:37:01
Progress: [##--------------------------------------] 5%  2026-08-25 17:37:13
Progress: [####------------------------------------] 10%  2026-08-25 17:37:15
Progress: [######----------------------------------] 15%  2026-08-25 17:37:18
Progress: [########--------------------------------] 20%  2026-08-25 17:37:33
Progress: [##########------------------------------] 25%  2026-08-25 17:37:39
Progress: [############----------------------------] 30%  2026-08-25 17:37:41
Progress: [##############--------------------------] 35%  2026-08-25 17:37:48
Progress: [################------------------------] 40%  2026-08-25 17:38:01
Progress: [##################----------------------] 45%  2026-08-25 17:38:06
Progress: [####################--------------------] 50%  2026-08-25 17:38:07
Progress: [######################------------------] 55%  2026-08-25 17:38:09
Progress: [########################----------------] 60%  2026-08-25 17:38:13
Progress: [##########################--------------] 65%  2026-08-25 17:38:16
Progress: [############################------------] 70%  2026-08-25 17:38:23
Progress: [##############################----------] 75%  2026-08-25 17:38:30
Progress: [################################--------] 80%  2026-08-25 17:38:35
Progress: [##################################------] 85%  2026-08-25 17:38:47
Progress: [####################################----] 90%  2026-08-25 17:39:03
Progress: [######################################--] 96%  2026-08-25 17:39:13
Progress: [########################################] 100%  2026-08-25 17:39:21
Distances computed and saved.
Not enough amino acids selected for dihedral analysis. Skipping.

Computing dihedrals in nucleic acids backbone...
Progress: [----------------------------------------] 0%  2026-08-25 17:39:22
Progress: [###-------------------------------------] 7%  2026-08-25 17:39:24
Progress: [#####-----------------------------------] 13%  2026-08-25 17:39:27
Progress: [########--------------------------------] 20%  2026-08-25 17:39:29
Progress: [##########------------------------------] 26%  2026-08-25 17:39:33
Progress: [#############---------------------------] 33%  2026-08-25 17:39:35
Progress: [################------------------------] 39%  2026-08-25 17:39:37
Progress: [##################----------------------] 46%  2026-08-25 17:39:40
Progress: [#####################-------------------] 52%  2026-08-25 17:39:41
Progress: [########################----------------] 59%  2026-08-25 17:39:44
Progress: [##########################--------------] 66%  2026-08-25 17:39:46
Progress: [#############################-----------] 72%  2026-08-25 17:39:50
Progress: [###############################---------] 79%  2026-08-25 17:39:52
Progress: [##################################------] 85%  2026-08-25 17:39:56
Progress: [#####################################---] 92%  2026-08-25 17:39:58
Progress: [#######################################-] 98%  2026-08-25 17:40:01
Progress: [########################################] 100%  2026-08-25 17:40:02
Dihedrals computed and saved.

Discretizing data...
Discretization completed.
Computing single frequencies...
Single frequencies computed.
Computing double frequencies...
Progress: [----------------------------------------] 0%  2026-08-25 17:40:02
Progress: [##--------------------------------------] 5%  2026-08-25 17:40:03
Progress: [####------------------------------------] 10%  2026-08-25 17:40:04
Progress: [######----------------------------------] 15%  2026-08-25 17:40:05
Progress: [########--------------------------------] 20%  2026-08-25 17:40:07
Progress: [##########------------------------------] 25%  2026-08-25 17:40:08
Progress: [############----------------------------] 30%  2026-08-25 17:40:09
Progress: [##############--------------------------] 35%  2026-08-25 17:40:10
Progress: [################------------------------] 40%  2026-08-25 17:40:12
Progress: [##################----------------------] 45%  2026-08-25 17:40:13
Progress: [####################--------------------] 50%  2026-08-25 17:40:14
Progress: [######################------------------] 55%  2026-08-25 17:40:15
Progress: [########################----------------] 60%  2026-08-25 17:40:16
Progress: [##########################--------------] 65%  2026-08-25 17:40:18
Progress: [############################------------] 70%  2026-08-25 17:40:19
Progress: [##############################----------] 75%  2026-08-25 17:40:20
Progress: [################################--------] 80%  2026-08-25 17:40:21
Progress: [##################################------] 85%  2026-08-25 17:40:22
Progress: [####################################----] 90%  2026-08-25 17:40:23
Progress: [######################################--] 95%  2026-08-25 17:40:25
Progress: [########################################] 100%  2026-08-25 17:40:26
Double frequencies computed.

Computing entropy...
Entropy computed.

Computing coupled entropy...
Coupled Entropy computed.

Computing Rajski distance...
Computing low data bias correction...
Low data bias correction computed.
Rajski distance computed.

Clustering local variables using hdbscan...
Clustering completed and labels saved.

Plotting clustering results...
Clustering results plotted and saved.

Writing communities to file...
Communities written to file.

Getting resids in communities...
Getting resids in communities completed.

Extracting conformations for communities...
Found 5 communities based on clustering labels.
Extracting unique configurations for communities...
Total probability of unique configurations under cutoff_n_configurations in each cluster: [0. 0. 0. 0. 1.]
Computing distances between unique configurations in each community...
Skip cluster 0 as it is not the one to process.
Skip cluster 1 as it is not the one to process.
Skip cluster 2 as it is not the one to process.
Skip cluster 3 as it is not the one to process.
Cluster 4: Found 44 unique configurations.

Plotting clustering results...
