Logging initiated. Log file created at: results_CASIMODO_tutorial_RNA/casimodo_recluster_conformations.log
Start time: 2026-07-07 16:32:06
                                                 ,__     __,                       
                                                 |..|   |..|                       
                                                 ||||_|_||||                       
               _                     _           |::|:::|::|                       
  ___ __ _ ___(_)_ __ ___   ___   __| | ___      |,.|.-,|,.|                       
 / __/ _` / __| | '_ ` _ \ / _ \ / _` |/ _ \     |nn|`-'|nn|                       
| (_| (_| \__ \ | | | | | | (_) | (_| | (_) |    |||||||||||                       
 \___\__,_|___/_|_| |_| |_|\___/ \__,_|\___/     |_ |.-.| _|                       
                                                _|||||_|||||_                      
                                                                                   
Conformational Analysis via Shared Information by MOlecular Dynamics Observables
A program by Paul Guénon, Damien Laage and Olivier Rivoire                         




========= INPUT PARAMETERS =========
step_to_perform: get_conformations
output_dir: results_CASIMODO_tutorial_RNA/
topolfile: input_data/topol_RNA.gro
trajfile: input_data/traj_RNA.xtc
dic: dic_for_tutorial_RNA.txt
position_CASIMODO: ../CASIMODO_utils/
time_zero: 100000.0
last_time: -1.0
delta_time: 0.0
method_clustering_local_variables: hdbscan
parameters_clustering_local_variables: [15.0, 15.0, 0.5]
method_clustering_conformations: ward
parameters_clustering_conformations: [2.0]
community_to_process: -1
split_trajectory: False
extension_plots: png
resolution_plots: 200
save_data: False
save_all_plots: False
local_variables_to_add: []
type_local_variables_to_add: []
residues_local_variables_to_add: []
cutoff_distance: 5
proba_under_cutoff_distance: 0.01
proportion_per_bin: 0.02
min_bin_size_distances: 0.1
min_bin_size_angles: 1.0
smooth_factor: 10.0
prominence: 0.025
order_labels: weight
cutoff_npoints_discretization: 100000
minimal_size_to_cluster: 10
cutoff_n_configurations: 50000
cutoff_proba_conformations: 0.0
===================================

Extracting conformations for communities...
Found 5 communities based on clustering labels.
Extracting unique configurations for communities...
Total probability of unique configurations under cutoff_n_configurations in each cluster: [1. 1. 1. 1. 1.]
Computing distances between unique configurations in each community...
Cluster 0: Found 333 unique configurations.

Plotting clustering results...
Clustering results plotted and saved.
Cluster 1: Found 334 unique configurations.

Plotting clustering results...
Clustering results plotted and saved.
Cluster 2: Found 260 unique configurations.

Plotting clustering results...
Clustering results plotted and saved.
Cluster 3: Found 1470 unique configurations.

Plotting clustering results...
Clustering results plotted and saved.
Cluster 4: Found 44 unique configurations.

Plotting clustering results...
Clustering results plotted and saved.
Conformations for community 0: [0 1 2 3 4]        -1 indicates noise
Probabilities of conformations: ['0.227', '0.075', '0.448', '0.058', '0.192']
Total probability: 1.000
Conformations for community 1: [0 1 2 3 4 5]        -1 indicates noise
Probabilities of conformations: ['0.058', '0.677', '0.088', '0.053', '0.070', '0.053']
Total probability: 1.000
Conformations for community 2: [0 1]        -1 indicates noise
Probabilities of conformations: ['0.853', '0.147']
Total probability: 1.000
Conformations for community 3: [0 1 2 3]        -1 indicates noise
Probabilities of conformations: ['0.274', '0.109', '0.098', '0.519']
Total probability: 1.000
Conformations for community 4: [0 1]        -1 indicates noise
Probabilities of conformations: ['0.891', '0.109']
Total probability: 1.000

Computing most probable configuration for each community...
Most probable configuration in community 0, conformation 0: [1 1 1 1 1 1 1 1 1 1 1 1 1 1 1 1] with probability 0.19940029985007496
Most probable configuration in community 0, conformation 1: [2 0 0 3 2 0 1 1 1 1 1 1 1 1 1 1] with probability 0.02348825587206397
Most probable configuration in community 0, conformation 2: [0 0 0 0 0 0 0 0 2 0 0 0 0 0 0 0] with probability 0.09295352323838081
Most probable configuration in community 0, conformation 3: [2 0 0 2 0 0 0 0 0 2 0 0 0 1 0 1] with probability 0.011494252873563218
Most probable configuration in community 0, conformation 4: [0 0 0 0 0 0 0 0 0 0 2 0 0 0 0 0] with probability 0.06746626686656672
Most probable configuration in community 1, conformation 0: [1 1 1 1 1 1 2 1 2 1 1 3 2 1 0 0 0 0 0 0 0 0 0 3 0 0 0 0 0 0 0 0 0 0 0 0 0
 0 1 1 0 0] with probability 0.00849575212393803
Most probable configuration in community 1, conformation 1: [0 0 0 0 0 0 0 0 0 0 0 0 0 0 0 0 0 0 0 0 0 0 0 0 0 0 0 0 0 0 0 0 0 0 0 0 0
 0 0 0 0 0] with probability 0.49075462268865566
Most probable configuration in community 1, conformation 2: [1 1 1 1 1 1 1 1 1 1 1 1 1 2 1 1 1 1 1 1 2 2 2 1 1 1 2 1 2 2 1 1 1 4 1 1 1
 1 1 1 1 1] with probability 0.022988505747126436
Most probable configuration in community 1, conformation 3: [0 0 0 0 0 0 0 0 0 0 0 0 0 0 1 2 1 1 1 1 1 1 1 3 2 1 1 1 1 1 1 1 1 3 1 1 1
 1 0 0 1 0] with probability 0.009995002498750625
Most probable configuration in community 1, conformation 4: [0 2 2 1 1 0 3 1 1 2 1 2 3 1 2 1 2 2 2 1 1 1 1 2 1 1 1 1 1 1 2 2 3 2 1 1 1
 1 2 1 1 1] with probability 0.025987006496751622
Most probable configuration in community 1, conformation 5: [1 1 1 0 0 1 1 2 1 1 1 1 1 1 0 1 1 2 1 1 1 1 1 1 2 2 1 1 1 2 2 2 2 3 1 1 1
 1 1 0 2 1] with probability 0.00849575212393803
Most probable configuration in community 2, conformation 0: [0 0 0 0 0 0 0 0 0 0 0 0 0 0 0 0 0 0 0 0 0 0 0 0 0 0 0 0 0 0 0 0 0 0 0 0 0
 0 0 0 0 0 0 0 0 0 0 0 0 0 0 0 0 0 0 0 0 0 0 0 0 0 0] with probability 0.6241879060469765
Most probable configuration in community 2, conformation 1: [1 1 1 1 1 1 1 1 1 1 1 1 1 1 1 1 1 1 1 1 1 1 1 1 1 1 1 1 1 1 1 1 1 1 1 1 1
 1 1 1 1 1 1 1 1 1 1 1 1 1 1 1 1 1 1 1 1 1 1 1 1 1 1] with probability 0.02448775612193903
Most probable configuration in community 3, conformation 0: [1 1 1 1 1 1 1 1 1 1 1 1 1 1 1 1 1 1 1 1 1 1 1 1 1 1 2 1 2 2 2 1 1 1 1 1 1
 1 1 2 1 1 2 1 1 2 1 1 1 1 1 1 1 1 1 1 1 1 1 1 1 1 1 1 1 2 2 1 1 2 1 1 1 1
 1 1 1 1 1 1 1 1 1 1 1 1 1 1 2 1 1 1 1 1 1 1 1 1 1 1 1 1 1 1 1 1 1 1 1 1 1
 1 1 1 1 1 1 1 2 1 1 1 1 1 1 1 1 1 1 1 1 1 1 1 1 1 1 1 1 1 2 1 1 2 2 1 3 1
 1 1 1 1 1 1 1 1 1 1 1 1 1 1 1 1 1 2 1 1 1 1 1 1 1 1 1 1 1 1 1 1 1 1 1 1 1
 1 1 1 1 1 1 1 1 1 1 1 1 1 1 1 1 1 1 1 1 2 1 1 1 1 1 1 1 1 1 1 1 1 1 1 1 1
 1] with probability 0.0029985007496251873
Most probable configuration in community 3, conformation 1: [0 0 0 0 0 0 0 0 0 0 0 0 0 0 0 0 0 0 0 0 0 0 0 0 0 0 0 0 0 0 0 0 0 0 0 0 0
 0 0 3 0 2 0 0 0 0 0 0 0 0 0 0 0 0 0 0 0 0 0 0 0 0 0 0 0 0 0 0 0 0 0 0 0 0
 0 0 0 0 0 0 0 0 0 0 0 0 0 0 0 0 0 0 2 0 2 1 2 2 2 1 1 2 0 2 2 0 1 1 2 2 2
 2 2 2 2 2 2 2 0 0 2 1 2 2 2 1 1 1 0 2 0 0 2 1 2 2 2 2 2 1 2 1 1 1 1 2 2 0
 0 0 0 0 0 0 0 0 0 0 0 0 0 0 0 0 0 0 0 0 0 0 0 0 0 0 0 0 0 0 0 0 0 0 0 0 0
 0 0 0 0 0 0 0 0 0 0 0 0 0 0 0 0 0 0 0 0 0 0 0 0 0 0 0 0 0 0 0 0 2 0 0 0 0
 0] with probability 0.0069965017491254375
Most probable configuration in community 3, conformation 2: [0 0 0 0 0 0 0 0 0 0 0 0 0 0 0 0 0 0 0 0 0 0 0 0 0 0 0 0 0 0 0 0 0 0 0 0 0
 0 0 1 2 0 0 0 2 0 0 0 0 0 0 0 0 0 0 0 0 0 0 0 0 0 0 0 0 0 0 0 0 0 0 0 0 0
 0 0 0 0 0 0 0 0 0 0 0 0 0 0 1 0 0 0 1 0 1 1 1 0 0 0 1 1 1 1 1 1 0 0 1 1 1
 1 1 1 1 1 1 1 1 0 0 0 0 0 0 0 0 0 0 0 0 0 0 0 0 0 0 3 0 0 0 0 0 0 0 0 0 0
 0 0 0 0 0 0 0 0 0 0 0 0 0 0 0 0 0 0 0 0 0 0 0 0 0 0 0 0 0 0 0 0 0 0 0 0 0
 0 0 0 2 2 0 0 0 0 0 0 0 0 0 0 0 0 0 0 0 0 0 0 0 0 0 0 0 0 0 0 0 1 1 0 0 0
 0] with probability 0.005997001499250375
Most probable configuration in community 3, conformation 3: [0 0 0 0 0 0 0 0 0 0 0 0 0 0 0 0 0 0 0 0 0 0 0 0 0 0 0 0 0 0 0 0 0 0 0 0 0
 0 0 0 0 0 1 0 0 1 0 0 0 0 0 0 0 0 0 0 0 0 0 0 0 0 0 0 0 0 0 0 0 0 0 0 0 0
 0 0 0 0 0 0 0 0 0 0 0 0 0 0 0 0 0 0 0 0 0 0 0 0 0 0 0 0 0 0 0 0 0 0 0 0 0
 0 0 0 0 0 0 0 0 0 0 0 0 0 0 0 0 0 0 0 0 0 0 0 0 0 0 0 0 0 0 0 0 0 0 0 0 0
 0 0 0 0 0 0 0 0 0 0 0 0 0 0 0 0 0 0 0 0 0 0 0 0 0 0 0 0 0 0 0 0 0 0 0 0 0
 0 0 0 0 0 0 0 0 0 0 0 0 0 0 0 0 0 0 0 0 0 0 0 0 0 0 0 0 0 0 0 0 0 0 0 0 0
 0] with probability 0.05997001499250375
Most probable configuration in community 4, conformation 0: [0 0 0 0 0 0 0 0 0 0 0 0 0 0 0 0 0 0 0 0 0 0 0 0 0 0 0 0 0 0 0 0 0 0 0 0 0
 0 0 0] with probability 0.8775612193903048
Most probable configuration in community 4, conformation 1: [1 1 1 1 1 1 1 1 1 1 1 1 1 1 1 1 1 1 1 1 1 1 1 1 1 2 1 1 1 1 1 1 1 1 1 1 1
 1 1 1] with probability 0.028985507246376812

Writing conformations to file...
Conformations written to file.
Extracting frames for conformational states...
Processing conformations for community 0...
Processing conformations for community 1...
Processing conformations for community 2...
Processing conformations for community 3...
Processing conformations for community 4...
Frame extraction completed.



Analysis complete at 2026-07-07 16:32:10
Results are saved in: results_CASIMODO_tutorial_RNA/
Step performed: get_conformations
